STM32_EEPROM_SPI.c:40:6:EEPROM_SPI_INIT	8	static
STM32_EEPROM_SPI.c:286:9:EEPROM_SendByte	24	static
STM32_EEPROM_SPI.c:428:6:EEPROM_SPI_SendInstruction	16	static
STM32_EEPROM_SPI.c:243:18:EEPROM_SPI_ReadBuffer	32	static
STM32_EEPROM_SPI.c:324:6:sEE_WriteEnable	24	static
STM32_EEPROM_SPI.c:343:6:sEE_WriteDisable	24	static
STM32_EEPROM_SPI.c:363:6:sEE_WriteStatusRegister	24	static
STM32_EEPROM_SPI.c:393:9:EEPROM_SPI_WaitStandbyState	24	static
STM32_EEPROM_SPI.c:61:18:EEPROM_SPI_WritePage	32	static
STM32_EEPROM_SPI.c:127:18:EEPROM_SPI_WriteBuffer	32	static
STM32_EEPROM_SPI.c:445:21:HAL_SPI_TransmitH	0	static
STM32_EEPROM_SPI.c:474:21:HAL_SPI_ReceiveH	0	static
STM32_EEPROM_SPI.c:487:6:HAL_DelayH	0	static
STM32_EEPROM_SPI.c:495:6:HAL_GPIO_WritePinH	0	static
